Archive member included to satisfy reference by file (symbol)

c:/program files (x86)/atmel/studio/7.0/toolchain/avr8/avr8-gnu-toolchain/bin/../lib/gcc/avr/4.9.2/avr6\libgcc.a(_exit.o)
                              C:/Program Files (x86)/Atmel/Studio/7.0/Packs/atmel/ATmega_DFP/1.0.90/gcc/dev/atmega2560/avr6/crtatmega2560.o (exit)
c:/program files (x86)/atmel/studio/7.0/toolchain/avr8/avr8-gnu-toolchain/bin/../lib/gcc/avr/4.9.2/avr6\libgcc.a(_copy_data.o)
                              main.o (__do_copy_data)
c:/program files (x86)/atmel/studio/7.0/toolchain/avr8/avr8-gnu-toolchain/bin/../lib/gcc/avr/4.9.2/avr6\libgcc.a(_clear_bss.o)
                              acx.o (__do_clear_bss)
c:/program files (x86)/atmel/studio/7.0/toolchain/avr8/avr8-gnu-toolchain/bin/../lib/gcc/avr/4.9.2/../../../../avr/lib/avr6\libc.a(strcmp.o)
                              main.o (strcmp)

Allocating common symbols
Common symbol       size              file

x_thread_id         0x1               acx.o
x_delay_status      0x1               acx.o
target_temp         0x1               main.o
stack               0x20              acx.o
queues              0x40              Queues.o
x_suspend_status    0x1               acx.o
service_mode        0x1               main.o
buffer              0x200             Serial.o
x_thread_stacks     0x800             acx.o
x_thread_delay      0x10              acx.o
x_disable_status    0x1               acx.o
x_thread_mask       0x1               acx.o

Discarded input sections

 .data          0x00000000        0x0 C:/Program Files (x86)/Atmel/Studio/7.0/Packs/atmel/ATmega_DFP/1.0.90/gcc/dev/atmega2560/avr6/crtatmega2560.o
 .bss           0x00000000        0x0 C:/Program Files (x86)/Atmel/Studio/7.0/Packs/atmel/ATmega_DFP/1.0.90/gcc/dev/atmega2560/avr6/crtatmega2560.o
 .text          0x00000000        0x0 acx.o
 .data          0x00000000        0x0 acx.o
 .bss           0x00000000        0x0 acx.o
 .text.x_gtime  0x00000000       0x18 acx.o
 .text.x_suspend
                0x00000000       0x1a acx.o
 .text.x_resume
                0x00000000       0x1c acx.o
 .text.x_disable
                0x00000000       0x1a acx.o
 .text.x_enable
                0x00000000       0x1c acx.o
 .data          0x00000000        0x0 acx_asm.o
 .bss           0x00000000        0x0 acx_asm.o
 .data          0x00000000        0x0 delay_usec.o
 .bss           0x00000000        0x0 delay_usec.o
 .text          0x00000000        0x0 DS18B20.o
 .data          0x00000000        0x0 DS18B20.o
 .bss           0x00000000        0x0 DS18B20.o
 .text.ow_print_temp
                0x00000000        0x6 DS18B20.o
 .text          0x00000000        0x0 main.o
 .data          0x00000000        0x0 main.o
 .bss           0x00000000        0x0 main.o
 .text          0x00000000        0x0 Queues.o
 .data          0x00000000        0x0 Queues.o
 .bss           0x00000000        0x0 Queues.o
 .text.Q_delete
                0x00000000       0x2e Queues.o
 .text.Q_used   0x00000000       0x14 Queues.o
 .text.Q_unused
                0x00000000       0x64 Queues.o
 .text          0x00000000        0x0 Serial.o
 .data          0x00000000        0x0 Serial.o
 .bss           0x00000000        0x0 Serial.o
 .text.Serial_close
                0x00000000       0x3e Serial.o
 .text.Serial_available
                0x00000000       0x22 Serial.o
 .text.serial_open
                0x00000000      0x170 Serial.o
 .text.serial_read
                0x00000000       0x10 Serial.o
 .text.serial_write
                0x00000000       0x10 Serial.o
 .text          0x00000000        0x0 c:/program files (x86)/atmel/studio/7.0/toolchain/avr8/avr8-gnu-toolchain/bin/../lib/gcc/avr/4.9.2/avr6\libgcc.a(_exit.o)
 .data          0x00000000        0x0 c:/program files (x86)/atmel/studio/7.0/toolchain/avr8/avr8-gnu-toolchain/bin/../lib/gcc/avr/4.9.2/avr6\libgcc.a(_exit.o)
 .bss           0x00000000        0x0 c:/program files (x86)/atmel/studio/7.0/toolchain/avr8/avr8-gnu-toolchain/bin/../lib/gcc/avr/4.9.2/avr6\libgcc.a(_exit.o)
 .text.libgcc.mul
                0x00000000        0x0 c:/program files (x86)/atmel/studio/7.0/toolchain/avr8/avr8-gnu-toolchain/bin/../lib/gcc/avr/4.9.2/avr6\libgcc.a(_exit.o)
 .text.libgcc.div
                0x00000000        0x0 c:/program files (x86)/atmel/studio/7.0/toolchain/avr8/avr8-gnu-toolchain/bin/../lib/gcc/avr/4.9.2/avr6\libgcc.a(_exit.o)
 .text.libgcc   0x00000000        0x0 c:/program files (x86)/atmel/studio/7.0/toolchain/avr8/avr8-gnu-toolchain/bin/../lib/gcc/avr/4.9.2/avr6\libgcc.a(_exit.o)
 .text.libgcc.prologue
                0x00000000        0x0 c:/program files (x86)/atmel/studio/7.0/toolchain/avr8/avr8-gnu-toolchain/bin/../lib/gcc/avr/4.9.2/avr6\libgcc.a(_exit.o)
 .text.libgcc.builtins
                0x00000000        0x0 c:/program files (x86)/atmel/studio/7.0/toolchain/avr8/avr8-gnu-toolchain/bin/../lib/gcc/avr/4.9.2/avr6\libgcc.a(_exit.o)
 .text.libgcc.fmul
                0x00000000        0x0 c:/program files (x86)/atmel/studio/7.0/toolchain/avr8/avr8-gnu-toolchain/bin/../lib/gcc/avr/4.9.2/avr6\libgcc.a(_exit.o)
 .text.libgcc.fixed
                0x00000000        0x0 c:/program files (x86)/atmel/studio/7.0/toolchain/avr8/avr8-gnu-toolchain/bin/../lib/gcc/avr/4.9.2/avr6\libgcc.a(_exit.o)
 .text          0x00000000        0x0 c:/program files (x86)/atmel/studio/7.0/toolchain/avr8/avr8-gnu-toolchain/bin/../lib/gcc/avr/4.9.2/avr6\libgcc.a(_copy_data.o)
 .data          0x00000000        0x0 c:/program files (x86)/atmel/studio/7.0/toolchain/avr8/avr8-gnu-toolchain/bin/../lib/gcc/avr/4.9.2/avr6\libgcc.a(_copy_data.o)
 .bss           0x00000000        0x0 c:/program files (x86)/atmel/studio/7.0/toolchain/avr8/avr8-gnu-toolchain/bin/../lib/gcc/avr/4.9.2/avr6\libgcc.a(_copy_data.o)
 .text.libgcc.mul
                0x00000000        0x0 c:/program files (x86)/atmel/studio/7.0/toolchain/avr8/avr8-gnu-toolchain/bin/../lib/gcc/avr/4.9.2/avr6\libgcc.a(_copy_data.o)
 .text.libgcc.div
                0x00000000        0x0 c:/program files (x86)/atmel/studio/7.0/toolchain/avr8/avr8-gnu-toolchain/bin/../lib/gcc/avr/4.9.2/avr6\libgcc.a(_copy_data.o)
 .text.libgcc   0x00000000        0x0 c:/program files (x86)/atmel/studio/7.0/toolchain/avr8/avr8-gnu-toolchain/bin/../lib/gcc/avr/4.9.2/avr6\libgcc.a(_copy_data.o)
 .text.libgcc.prologue
                0x00000000        0x0 c:/program files (x86)/atmel/studio/7.0/toolchain/avr8/avr8-gnu-toolchain/bin/../lib/gcc/avr/4.9.2/avr6\libgcc.a(_copy_data.o)
 .text.libgcc.builtins
                0x00000000        0x0 c:/program files (x86)/atmel/studio/7.0/toolchain/avr8/avr8-gnu-toolchain/bin/../lib/gcc/avr/4.9.2/avr6\libgcc.a(_copy_data.o)
 .text.libgcc.fmul
                0x00000000        0x0 c:/program files (x86)/atmel/studio/7.0/toolchain/avr8/avr8-gnu-toolchain/bin/../lib/gcc/avr/4.9.2/avr6\libgcc.a(_copy_data.o)
 .text.libgcc.fixed
                0x00000000        0x0 c:/program files (x86)/atmel/studio/7.0/toolchain/avr8/avr8-gnu-toolchain/bin/../lib/gcc/avr/4.9.2/avr6\libgcc.a(_copy_data.o)
 .text          0x00000000        0x0 c:/program files (x86)/atmel/studio/7.0/toolchain/avr8/avr8-gnu-toolchain/bin/../lib/gcc/avr/4.9.2/avr6\libgcc.a(_clear_bss.o)
 .data          0x00000000        0x0 c:/program files (x86)/atmel/studio/7.0/toolchain/avr8/avr8-gnu-toolchain/bin/../lib/gcc/avr/4.9.2/avr6\libgcc.a(_clear_bss.o)
 .bss           0x00000000        0x0 c:/program files (x86)/atmel/studio/7.0/toolchain/avr8/avr8-gnu-toolchain/bin/../lib/gcc/avr/4.9.2/avr6\libgcc.a(_clear_bss.o)
 .text.libgcc.mul
                0x00000000        0x0 c:/program files (x86)/atmel/studio/7.0/toolchain/avr8/avr8-gnu-toolchain/bin/../lib/gcc/avr/4.9.2/avr6\libgcc.a(_clear_bss.o)
 .text.libgcc.div
                0x00000000        0x0 c:/program files (x86)/atmel/studio/7.0/toolchain/avr8/avr8-gnu-toolchain/bin/../lib/gcc/avr/4.9.2/avr6\libgcc.a(_clear_bss.o)
 .text.libgcc   0x00000000        0x0 c:/program files (x86)/atmel/studio/7.0/toolchain/avr8/avr8-gnu-toolchain/bin/../lib/gcc/avr/4.9.2/avr6\libgcc.a(_clear_bss.o)
 .text.libgcc.prologue
                0x00000000        0x0 c:/program files (x86)/atmel/studio/7.0/toolchain/avr8/avr8-gnu-toolchain/bin/../lib/gcc/avr/4.9.2/avr6\libgcc.a(_clear_bss.o)
 .text.libgcc.builtins
                0x00000000        0x0 c:/program files (x86)/atmel/studio/7.0/toolchain/avr8/avr8-gnu-toolchain/bin/../lib/gcc/avr/4.9.2/avr6\libgcc.a(_clear_bss.o)
 .text.libgcc.fmul
                0x00000000        0x0 c:/program files (x86)/atmel/studio/7.0/toolchain/avr8/avr8-gnu-toolchain/bin/../lib/gcc/avr/4.9.2/avr6\libgcc.a(_clear_bss.o)
 .text.libgcc.fixed
                0x00000000        0x0 c:/program files (x86)/atmel/studio/7.0/toolchain/avr8/avr8-gnu-toolchain/bin/../lib/gcc/avr/4.9.2/avr6\libgcc.a(_clear_bss.o)
 .text          0x00000000        0x0 c:/program files (x86)/atmel/studio/7.0/toolchain/avr8/avr8-gnu-toolchain/bin/../lib/gcc/avr/4.9.2/../../../../avr/lib/avr6\libc.a(strcmp.o)
 .data          0x00000000        0x0 c:/program files (x86)/atmel/studio/7.0/toolchain/avr8/avr8-gnu-toolchain/bin/../lib/gcc/avr/4.9.2/../../../../avr/lib/avr6\libc.a(strcmp.o)
 .bss           0x00000000        0x0 c:/program files (x86)/atmel/studio/7.0/toolchain/avr8/avr8-gnu-toolchain/bin/../lib/gcc/avr/4.9.2/../../../../avr/lib/avr6\libc.a(strcmp.o)

Memory Configuration

Name             Origin             Length             Attributes
text             0x00000000         0x00100000         xr
data             0x00800200         0x0000fe00         rw !x
eeprom           0x00810000         0x00010000         rw !x
fuse             0x00820000         0x00000400         rw !x
lock             0x00830000         0x00000400         rw !x
signature        0x00840000         0x00000400         rw !x
user_signatures  0x00850000         0x00000400         rw !x
*default*        0x00000000         0xffffffff

Linker script and memory map

Address of section .data set to 0x800200
LOAD C:/Program Files (x86)/Atmel/Studio/7.0/Packs/atmel/ATmega_DFP/1.0.90/gcc/dev/atmega2560/avr6/crtatmega2560.o
LOAD acx.o
LOAD acx_asm.o
LOAD delay_usec.o
LOAD DS18B20.o
LOAD main.o
LOAD Queues.o
LOAD Serial.o
START GROUP
LOAD c:/program files (x86)/atmel/studio/7.0/toolchain/avr8/avr8-gnu-toolchain/bin/../lib/gcc/avr/4.9.2/../../../../avr/lib/avr6\libm.a
END GROUP
START GROUP
LOAD c:/program files (x86)/atmel/studio/7.0/toolchain/avr8/avr8-gnu-toolchain/bin/../lib/gcc/avr/4.9.2/avr6\libgcc.a
LOAD c:/program files (x86)/atmel/studio/7.0/toolchain/avr8/avr8-gnu-toolchain/bin/../lib/gcc/avr/4.9.2/../../../../avr/lib/avr6\libm.a
LOAD c:/program files (x86)/atmel/studio/7.0/toolchain/avr8/avr8-gnu-toolchain/bin/../lib/gcc/avr/4.9.2/../../../../avr/lib/avr6\libc.a
LOAD C:/Program Files (x86)/Atmel/Studio/7.0/Packs/atmel/ATmega_DFP/1.0.90/gcc/dev/atmega2560/avr6\libatmega2560.a
END GROUP

.hash
 *(.hash)

.dynsym
 *(.dynsym)

.dynstr
 *(.dynstr)

.gnu.version
 *(.gnu.version)

.gnu.version_d
 *(.gnu.version_d)

.gnu.version_r
 *(.gnu.version_r)

.rel.init
 *(.rel.init)

.rela.init
 *(.rela.init)

.rel.text
 *(.rel.text)
 *(.rel.text.*)
 *(.rel.gnu.linkonce.t*)

.rela.text
 *(.rela.text)
 *(.rela.text.*)
 *(.rela.gnu.linkonce.t*)

.rel.fini
 *(.rel.fini)

.rela.fini
 *(.rela.fini)

.rel.rodata
 *(.rel.rodata)
 *(.rel.rodata.*)
 *(.rel.gnu.linkonce.r*)

.rela.rodata
 *(.rela.rodata)
 *(.rela.rodata.*)
 *(.rela.gnu.linkonce.r*)

.rel.data
 *(.rel.data)
 *(.rel.data.*)
 *(.rel.gnu.linkonce.d*)

.rela.data
 *(.rela.data)
 *(.rela.data.*)
 *(.rela.gnu.linkonce.d*)

.rel.ctors
 *(.rel.ctors)

.rela.ctors
 *(.rela.ctors)

.rel.dtors
 *(.rel.dtors)

.rela.dtors
 *(.rela.dtors)

.rel.got
 *(.rel.got)

.rela.got
 *(.rela.got)

.rel.bss
 *(.rel.bss)

.rela.bss
 *(.rela.bss)

.rel.plt
 *(.rel.plt)

.rela.plt
 *(.rela.plt)

.text           0x00000000      0xfc2
 *(.vectors)
 .vectors       0x00000000       0xe4 C:/Program Files (x86)/Atmel/Studio/7.0/Packs/atmel/ATmega_DFP/1.0.90/gcc/dev/atmega2560/avr6/crtatmega2560.o
                0x00000000                __vector_default
                0x00000000                __vectors
 *(.vectors)
 *(.progmem.gcc*)
                0x000000e4                . = ALIGN (0x2)
                0x000000e4                __trampolines_start = .
 *(.trampolines)
 .trampolines   0x000000e4        0x0 linker stubs
 *(.trampolines*)
                0x000000e4                __trampolines_end = .
 *(.progmem*)
                0x000000e4                . = ALIGN (0x2)
 *(.jumptables)
 *(.jumptables*)
 *(.lowtext)
 *(.lowtext*)
                0x000000e4                __ctors_start = .
 *(.ctors)
                0x000000e4                __ctors_end = .
                0x000000e4                __dtors_start = .
 *(.dtors)
                0x000000e4                __dtors_end = .
 SORT(*)(.ctors)
 SORT(*)(.dtors)
 *(.init0)
 .init0         0x000000e4        0x0 C:/Program Files (x86)/Atmel/Studio/7.0/Packs/atmel/ATmega_DFP/1.0.90/gcc/dev/atmega2560/avr6/crtatmega2560.o
                0x000000e4                __init
 *(.init0)
 *(.init1)
 *(.init1)
 *(.init2)
 .init2         0x000000e4       0x10 C:/Program Files (x86)/Atmel/Studio/7.0/Packs/atmel/ATmega_DFP/1.0.90/gcc/dev/atmega2560/avr6/crtatmega2560.o
 *(.init2)
 *(.init3)
 *(.init3)
 *(.init4)
 .init4         0x000000f4       0x1a c:/program files (x86)/atmel/studio/7.0/toolchain/avr8/avr8-gnu-toolchain/bin/../lib/gcc/avr/4.9.2/avr6\libgcc.a(_copy_data.o)
                0x000000f4                __do_copy_data
 .init4         0x0000010e       0x10 c:/program files (x86)/atmel/studio/7.0/toolchain/avr8/avr8-gnu-toolchain/bin/../lib/gcc/avr/4.9.2/avr6\libgcc.a(_clear_bss.o)
                0x0000010e                __do_clear_bss
 *(.init4)
 *(.init5)
 *(.init5)
 *(.init6)
 *(.init6)
 *(.init7)
 *(.init7)
 *(.init8)
 *(.init8)
 *(.init9)
 .init9         0x0000011e        0x4 C:/Program Files (x86)/Atmel/Studio/7.0/Packs/atmel/ATmega_DFP/1.0.90/gcc/dev/atmega2560/avr6/crtatmega2560.o
 *(.init9)
 *(.text)
 .text          0x00000122        0x2 C:/Program Files (x86)/Atmel/Studio/7.0/Packs/atmel/ATmega_DFP/1.0.90/gcc/dev/atmega2560/avr6/crtatmega2560.o
                0x00000122                __vector_38
                0x00000122                __vector_22
                0x00000122                __vector_28
                0x00000122                __vector_1
                0x00000122                __vector_32
                0x00000122                __vector_34
                0x00000122                __vector_24
                0x00000122                __vector_12
                0x00000122                __vector_46
                0x00000122                __bad_interrupt
                0x00000122                __vector_6
                0x00000122                __vector_31
                0x00000122                __vector_35
                0x00000122                __vector_39
                0x00000122                __vector_3
                0x00000122                __vector_23
                0x00000122                __vector_30
                0x00000122                __vector_45
                0x00000122                __vector_11
                0x00000122                __vector_13
                0x00000122                __vector_17
                0x00000122                __vector_19
                0x00000122                __vector_56
                0x00000122                __vector_7
                0x00000122                __vector_49
                0x00000122                __vector_41
                0x00000122                __vector_43
                0x00000122                __vector_27
                0x00000122                __vector_5
                0x00000122                __vector_33
                0x00000122                __vector_47
                0x00000122                __vector_4
                0x00000122                __vector_44
                0x00000122                __vector_9
                0x00000122                __vector_2
                0x00000122                __vector_15
                0x00000122                __vector_29
                0x00000122                __vector_40
                0x00000122                __vector_8
                0x00000122                __vector_48
                0x00000122                __vector_14
                0x00000122                __vector_53
                0x00000122                __vector_10
                0x00000122                __vector_50
                0x00000122                __vector_16
                0x00000122                __vector_18
                0x00000122                __vector_20
                0x00000122                __vector_42
 .text          0x00000124       0xd0 acx_asm.o
                0x00000124                x_yield
                0x00000168                x_schedule
                0x000001e0                bit2mask8
 .text          0x000001f4       0x16 delay_usec.o
                0x000001f4                delay_usec
                0x0000020a                . = ALIGN (0x2)
 *(.text.*)
 .text.x_new    0x0000020a       0x70 acx.o
                0x0000020a                x_new
 .text.init_System_Timer
                0x0000027a       0x12 acx.o
                0x0000027a                init_System_Timer
 .text.x_init   0x0000028c       0xee acx.o
                0x0000028c                x_init
 .text.x_delay  0x0000037a       0x2c acx.o
                0x0000037a                x_delay
 .text.__vector_21
                0x000003a6       0x98 acx.o
                0x000003a6                __vector_21
 .text.ow_reset
                0x0000043e       0x2a DS18B20.o
                0x0000043e                ow_reset
 .text.ow_read_bit
                0x00000468       0x14 DS18B20.o
                0x00000468                ow_read_bit
 .text.ow_write_bit
                0x0000047c       0x16 DS18B20.o
                0x0000047c                ow_write_bit
 .text.ow_read_byte
                0x00000492       0x48 DS18B20.o
                0x00000492                ow_read_byte
 .text.ow_write_byte
                0x000004da       0x3a DS18B20.o
                0x000004da                ow_write_byte
 .text.ow_read_temperature
                0x00000514       0x8a DS18B20.o
                0x00000514                ow_read_temperature
 .text.io_controller
                0x0000059e       0xe8 main.o
                0x0000059e                io_controller
 .text.box_controller
                0x00000686       0x12 main.o
                0x00000686                box_controller
 .text.sensor_controller
                0x00000698       0x1e main.o
                0x00000698                sensor_controller
 .text.main     0x000006b6       0x26 main.o
                0x000006b6                main
 .text.Q_putc   0x000006dc       0xde Queues.o
                0x000006dc                Q_putc
 .text.Q_getc   0x000007ba       0xe2 Queues.o
                0x000007ba                Q_getc
 .text.Q_create
                0x0000089c       0x7c Queues.o
                0x0000089c                Q_create
 .text.Serial_open
                0x00000918      0x204 Serial.o
                0x00000918                Serial_open
 .text.Serial_read
                0x00000b1c       0x46 Serial.o
                0x00000b1c                Serial_read
 .text.Serial_read_string
                0x00000b62       0x66 Serial.o
                0x00000b62                Serial_read_string
 .text.Serial_write
                0x00000bc8       0x4a Serial.o
                0x00000bc8                Serial_write
 .text.Serial_write_string
                0x00000c12       0x3a Serial.o
                0x00000c12                Serial_write_string
 .text.__vector_26
                0x00000c4c       0x82 Serial.o
                0x00000c4c                __vector_26
 .text.__vector_37
                0x00000cce       0x82 Serial.o
                0x00000cce                __vector_37
 .text.__vector_52
                0x00000d50       0x82 Serial.o
                0x00000d50                __vector_52
 .text.__vector_55
                0x00000dd2       0x82 Serial.o
                0x00000dd2                __vector_55
 .text.__vector_25
                0x00000e54       0x56 Serial.o
                0x00000e54                __vector_25
 .text.__vector_36
                0x00000eaa       0x56 Serial.o
                0x00000eaa                __vector_36
 .text.__vector_51
                0x00000f00       0x56 Serial.o
                0x00000f00                __vector_51
 .text.__vector_54
                0x00000f56       0x56 Serial.o
                0x00000f56                __vector_54
 .text.avr-libc
                0x00000fac       0x12 c:/program files (x86)/atmel/studio/7.0/toolchain/avr8/avr8-gnu-toolchain/bin/../lib/gcc/avr/4.9.2/../../../../avr/lib/avr6\libc.a(strcmp.o)
                0x00000fac                strcmp
                0x00000fbe                . = ALIGN (0x2)
 *(.fini9)
 .fini9         0x00000fbe        0x0 c:/program files (x86)/atmel/studio/7.0/toolchain/avr8/avr8-gnu-toolchain/bin/../lib/gcc/avr/4.9.2/avr6\libgcc.a(_exit.o)
                0x00000fbe                _exit
                0x00000fbe                exit
 *(.fini9)
 *(.fini8)
 *(.fini8)
 *(.fini7)
 *(.fini7)
 *(.fini6)
 *(.fini6)
 *(.fini5)
 *(.fini5)
 *(.fini4)
 *(.fini4)
 *(.fini3)
 *(.fini3)
 *(.fini2)
 *(.fini2)
 *(.fini1)
 *(.fini1)
 *(.fini0)
 .fini0         0x00000fbe        0x4 c:/program files (x86)/atmel/studio/7.0/toolchain/avr8/avr8-gnu-toolchain/bin/../lib/gcc/avr/4.9.2/avr6\libgcc.a(_exit.o)
 *(.fini0)
                0x00000fc2                _etext = .

.data           0x00800200       0x84 load address 0x00000fc2
                0x00800200                PROVIDE (__data_start, .)
 *(.data)
 *(.data*)
 .data.regs     0x00800200        0x8 Serial.o
                0x00800200                regs
 .data.ports    0x00800208       0x28 Serial.o
                0x00800208                ports
 *(.rodata)
 *(.rodata*)
 .rodata.str1.1
                0x00800230       0x53 main.o
 *(.gnu.linkonce.d*)
                0x00800284                . = ALIGN (0x2)
 *fill*         0x00800283        0x1 
                0x00800284                _edata = .
                0x00800284                PROVIDE (__data_end, .)

.bss            0x00800284      0xa84
                0x00800284                PROVIDE (__bss_start, .)
 *(.bss)
 *(.bss*)
 .bss.x_system_counter
                0x00800284        0x4 acx.o
                0x00800284                x_system_counter
 .bss.last_temp
                0x00800288        0x1 main.o
                0x00800288                last_temp
 .bss.occupied  0x00800289        0x8 Queues.o
                0x00800289                occupied
 *(COMMON)
 COMMON         0x00800291      0x835 acx.o
                0x00800291                x_thread_id
                0x00800292                x_delay_status
                0x00800293                stack
                0x008002b3                x_suspend_status
                0x008002b4                x_thread_stacks
                0x00800ab4                x_thread_delay
                0x00800ac4                x_disable_status
                0x00800ac5                x_thread_mask
 COMMON         0x00800ac6        0x2 main.o
                0x00800ac6                target_temp
                0x00800ac7                service_mode
 COMMON         0x00800ac8       0x40 Queues.o
                0x00800ac8                queues
 COMMON         0x00800b08      0x200 Serial.o
                0x00800b08                buffer
                0x00800d08                PROVIDE (__bss_end, .)
                0x00000fc2                __data_load_start = LOADADDR (.data)
                0x00001046                __data_load_end = (__data_load_start + SIZEOF (.data))

.noinit         0x00800d08        0x0
                0x00800d08                PROVIDE (__noinit_start, .)
 *(.noinit*)
                0x00800d08                PROVIDE (__noinit_end, .)
                0x00800d08                _end = .
                0x00800d08                PROVIDE (__heap_start, .)

.eeprom         0x00810000        0x0
 *(.eeprom*)
                0x00810000                __eeprom_end = .

.fuse
 *(.fuse)
 *(.lfuse)
 *(.hfuse)
 *(.efuse)

.lock
 *(.lock*)

.signature
 *(.signature*)

.user_signatures
 *(.user_signatures*)

.stab
 *(.stab)

.stabstr
 *(.stabstr)

.stab.excl
 *(.stab.excl)

.stab.exclstr
 *(.stab.exclstr)

.stab.index
 *(.stab.index)

.stab.indexstr
 *(.stab.indexstr)

.comment        0x00000000       0x30
 *(.comment)
 .comment       0x00000000       0x30 acx.o
                                 0x31 (size before relaxing)
 .comment       0x00000030       0x31 DS18B20.o
 .comment       0x00000030       0x31 main.o
 .comment       0x00000030       0x31 Queues.o
 .comment       0x00000030       0x31 Serial.o

.note.gnu.avr.deviceinfo
                0x00000000       0x40
 .note.gnu.avr.deviceinfo
                0x00000000       0x40 C:/Program Files (x86)/Atmel/Studio/7.0/Packs/atmel/ATmega_DFP/1.0.90/gcc/dev/atmega2560/avr6/crtatmega2560.o

.note.gnu.build-id
 *(.note.gnu.build-id)

.debug
 *(.debug)

.line
 *(.line)

.debug_srcinfo
 *(.debug_srcinfo)

.debug_sfnames
 *(.debug_sfnames)

.debug_aranges  0x00000000      0x220
 *(.debug_aranges)
 .debug_aranges
                0x00000000       0x68 acx.o
 .debug_aranges
                0x00000068       0x20 acx_asm.o
 .debug_aranges
                0x00000088       0x20 delay_usec.o
 .debug_aranges
                0x000000a8       0x50 DS18B20.o
 .debug_aranges
                0x000000f8       0x38 main.o
 .debug_aranges
                0x00000130       0x48 Queues.o
 .debug_aranges
                0x00000178       0xa8 Serial.o

.debug_pubnames
 *(.debug_pubnames)

.debug_info     0x00000000     0x19cb
 *(.debug_info .gnu.linkonce.wi.*)
 .debug_info    0x00000000      0x527 acx.o
 .debug_info    0x00000527       0x6d acx_asm.o
 .debug_info    0x00000594       0x70 delay_usec.o
 .debug_info    0x00000604      0x357 DS18B20.o
 .debug_info    0x0000095b      0x567 main.o
 .debug_info    0x00000ec2      0x37b Queues.o
 .debug_info    0x0000123d      0x78e Serial.o

.debug_abbrev   0x00000000      0xa16
 *(.debug_abbrev)
 .debug_abbrev  0x00000000      0x29e acx.o
 .debug_abbrev  0x0000029e       0x14 acx_asm.o
 .debug_abbrev  0x000002b2       0x14 delay_usec.o
 .debug_abbrev  0x000002c6      0x165 DS18B20.o
 .debug_abbrev  0x0000042b      0x1af main.o
 .debug_abbrev  0x000005da      0x1ad Queues.o
 .debug_abbrev  0x00000787      0x28f Serial.o

.debug_line     0x00000000     0x13d6
 *(.debug_line .debug_line.* .debug_line_end)
 .debug_line    0x00000000      0x3bb acx.o
 .debug_line    0x000003bb      0x258 acx_asm.o
 .debug_line    0x00000613       0x7b delay_usec.o
 .debug_line    0x0000068e      0x2a2 DS18B20.o
 .debug_line    0x00000930      0x204 main.o
 .debug_line    0x00000b34      0x326 Queues.o
 .debug_line    0x00000e5a      0x57c Serial.o

.debug_frame    0x00000000      0x740
 *(.debug_frame)
 .debug_frame   0x00000000      0x108 acx.o
 .debug_frame   0x00000108       0xe0 DS18B20.o
 .debug_frame   0x000001e8       0x64 main.o
 .debug_frame   0x0000024c       0x8c Queues.o
 .debug_frame   0x000002d8      0x468 Serial.o

.debug_str      0x00000000      0x614
 *(.debug_str)
 .debug_str     0x00000000      0x2b0 acx.o
                                0x2ee (size before relaxing)
 .debug_str     0x000002b0       0xa8 DS18B20.o
                                0x213 (size before relaxing)
 .debug_str     0x00000358       0xcb main.o
                                0x281 (size before relaxing)
 .debug_str     0x00000423       0x74 Queues.o
                                0x217 (size before relaxing)
 .debug_str     0x00000497      0x17d Serial.o
                                0x388 (size before relaxing)

.debug_loc      0x00000000     0x1a2d
 *(.debug_loc)
 .debug_loc     0x00000000      0x38e acx.o
 .debug_loc     0x0000038e      0x2f1 DS18B20.o
 .debug_loc     0x0000067f       0x94 main.o
 .debug_loc     0x00000713      0x4dd Queues.o
 .debug_loc     0x00000bf0      0xe3d Serial.o

.debug_macinfo
 *(.debug_macinfo)

.debug_weaknames
 *(.debug_weaknames)

.debug_funcnames
 *(.debug_funcnames)

.debug_typenames
 *(.debug_typenames)

.debug_varnames
 *(.debug_varnames)

.debug_pubtypes
 *(.debug_pubtypes)

.debug_ranges   0x00000000      0x1d8
 *(.debug_ranges)
 .debug_ranges  0x00000000       0x58 acx.o
 .debug_ranges  0x00000058       0x40 DS18B20.o
 .debug_ranges  0x00000098       0x28 main.o
 .debug_ranges  0x000000c0       0x80 Queues.o
 .debug_ranges  0x00000140       0x98 Serial.o

.debug_macro
 *(.debug_macro)
OUTPUT(System.elf elf32-avr)
LOAD linker stubs
